<div><div id="createPriceTemplate1"><span class="price" string="s" json="{ &quot;foo&quot; : &quot;bar&quot; }" number="1" truthy="" aria-label="100"><span class="price-integer">100</span><span class="price-decimals-delimiter disabled"></span><span class="price-decimals disabled"></span><span class="price-currency-space disabled"></span><span class="price-currency-symbol disabled"></span><span class="price-recurrence disabled"></span><span class="price-unit-type disabled"></span><span class="price-tax-inclusivity disabled"></span></span></div><div id="createPromoPriceTemplate1"><span class="price" string="s" json="{ &quot;foo&quot; : &quot;bar&quot; }" number="1" truthy="" aria-label="80"><span class="price-integer">80</span><span class="price-decimals-delimiter disabled"></span><span class="price-decimals disabled"></span><span class="price-currency-space disabled"></span><span class="price-currency-symbol disabled"></span><span class="price-recurrence disabled"></span><span class="price-unit-type disabled"></span><span class="price-tax-inclusivity disabled"></span></span>&nbsp;<span class="price price-strikethrough" string="s" json="{ &quot;foo&quot; : &quot;bar&quot; }" number="1" truthy="" aria-label="Regularly at 100"><span class="price-integer">100</span><span class="price-decimals-delimiter disabled"></span><span class="price-decimals disabled"></span><span class="price-currency-space disabled"></span><span class="price-currency-symbol disabled"></span><span class="price-recurrence disabled"></span><span class="price-unit-type disabled"></span><span class="price-tax-inclusivity disabled"></span></span></div><div id="createPromoPriceTemplate2"><span class="price" string="s" json="{ &quot;foo&quot; : &quot;bar&quot; }" number="1" truthy="" aria-label="100"><span class="price-integer">100</span><span class="price-decimals-delimiter disabled"></span><span class="price-decimals disabled"></span><span class="price-currency-space disabled"></span><span class="price-currency-symbol disabled"></span><span class="price-recurrence disabled"></span><span class="price-unit-type disabled"></span><span class="price-tax-inclusivity disabled"></span></span></div><div id="createPriceWithAnnualTemplate1"><span class="price" aria-label="100 per month"><span class="price-integer">100</span><span class="price-decimals-delimiter disabled"></span><span class="price-decimals disabled"></span><span class="price-currency-space disabled"></span><span class="price-currency-symbol disabled"></span><span class="price-recurrence">/mo</span><span class="price-unit-type disabled"></span><span class="price-tax-inclusivity disabled"></span></span><span class="price-annual-prefix">&nbsp;(</span><span class="price price-annual" aria-label="1200 per year"><span class="price-integer">1200</span><span class="price-decimals-delimiter disabled"></span><span class="price-decimals disabled"></span><span class="price-currency-space disabled"></span><span class="price-currency-symbol disabled"></span><span class="price-recurrence">/yr</span><span class="price-unit-type disabled"></span><span class="price-tax-inclusivity disabled"></span></span><span class="price-annual-suffix">)</span></div><div id="createPromoPriceWithAnnualTemplate1"><span class="price price-strikethrough" aria-label="Regularly at 100 per month"><span class="price-integer">100</span><span class="price-decimals-delimiter disabled"></span><span class="price-decimals disabled"></span><span class="price-currency-space disabled"></span><span class="price-currency-symbol disabled"></span><span class="price-recurrence">/mo</span><span class="price-unit-type disabled"></span><span class="price-tax-inclusivity disabled"></span></span>&nbsp;<span class="price" aria-label="80 per month"><span class="price-integer">80</span><span class="price-decimals-delimiter disabled"></span><span class="price-decimals disabled"></span><span class="price-currency-space disabled"></span><span class="price-currency-symbol disabled"></span><span class="price-recurrence">/mo</span><span class="price-unit-type disabled"></span><span class="price-tax-inclusivity disabled"></span></span><span class="price-annual-prefix">&nbsp;(</span><span class="price price-annual" aria-label="960 per year"><span class="price-integer">960</span><span class="price-decimals-delimiter disabled"></span><span class="price-decimals disabled"></span><span class="price-currency-space disabled"></span><span class="price-currency-symbol disabled"></span><span class="price-recurrence">/yr</span><span class="price-unit-type disabled"></span><span class="price-tax-inclusivity disabled"></span></span><span class="price-annual-suffix">)</span></div></div>
